OK
#New object :cercle
ERR
#TestExisteDeja.txt already used
