OK
#New object :rectangle1
R rectangle1 56 46 108 4536
