OK
#New object : name12
PL name12 56 46 108 4536 80 100
