OK
#New object :c
OK
#New object : s1
OK
C c 5 5 1
OK
C c 7 7 1
