#1elements have been loaded successfully.
OK
OK
#The list is empty
