OK
#New object :c1
OK
#New object :rect
OK
#New object : s
OK
R rect -1 1 1 -1
