OK
#New object :c
OK
#New object : s1
OK
C c 0 0 5
