OK
#New object :c1
OK
#New object :c2
OK
#New object :c3
OK
#New object :c4
OK
#New object :c5
OK
#New object :c6
OK
#New object :c7
OK
#New object :c8
OK
#New object :c9
OK
#New object :c10
OK
#New object :c11
OK
#New object :c12
OK
#New object :c13
OK
#New object :c14
OK
#New object :c15
OK
#New object :c16
OK
#New object :c17
OK
#New object :c18
OK
#New object :c19
OK
#New object :c20
OK
#New object :c21
OK
OK
OK
OK
OK
OK
OK
OK
OK
OK
OK
OK
OK
OK
OK
OK
OK
OK
OK
OK
#nothing to undo !
