OK
#New object :c
OK
#New object :rect
OK
#New object : s1
OK
#New object : s2
OK
C c 2 2 1
R rect 2 4 4 2
