OK
#New object :c1
OK
#New object :c2
OK
#The list is empty
