OK
#New object :c1
OK
#New object :rect
OK
#New object : s
OK
#The list is empty
