#1elements have been loaded successfully.
OK
C cercleTest 0 0 6
