OK
#New object :c1
OK
#New object : s
OK
OK
OK
C c1 2 2 1
