OK
#New object :c
OK
#New object : s1
OK
C c 2 2 1
